// Jest Snapshot v1, https://goo.gl/fbAQLP

exports[`FilterModal Snapshot 1`] = `
<button
  className="css-15i479a"
  onClick={[Function]}
>
  Filter Exercises
</button>
`;
