// Jest Snapshot v1, https://goo.gl/fbAQLP

exports[`MenuButton Snapshot 1`] = `
<a
  href="/option"
  onClick={[Function]}
>
  <button
    className="css-gip7ia"
  >
    option
  </button>
</a>
`;
