// Jest Snapshot v1, https://goo.gl/fbAQLP

exports[`Menu Snapshot 1`] = `
<div
  className="css-deizzc"
/>
`;
