// Jest Snapshot v1, https://goo.gl/fbAQLP

exports[`Exercise Snapshot 1`] = `
<button
  className="css-1tmfx1g"
  onClick={[Function]}
>
  <div>
    
  </div>
  <div>
    Target: 
    
  </div>
</button>
`;
